2026-03-08 16:01:29 - KOOK_Robot - INFO - {"code":0,"message":"操作成功","data":{"msg_id":"2b35da14-e233-4c2d-a198-6d27b430fbb2","msg_timestamp":1772956890857,"nonce":"","not_permissions_mention":[]}}
2026-03-08 16:01:30 - KOOK_Robot - INFO - {"code":0,"message":"操作成功","data":{}}
2026-03-08 16:01:33 - KOOK_Robot - INFO - {'code': 0, 'message': '操作成功', 'data': {'role_id': '63240953', 'allow': 2048, 'deny': 0}}
2026-03-08 16:01:33 - KOOK_Robot - INFO - {'code': 0, 'message': '操作成功', 'data': {'role_id': '63240954', 'allow': 2048, 'deny': 0}}
2026-03-08 16:01:34 - KOOK_Robot - INFO - {"code":0,"message":"操作成功","data":{"msg_id":"0233a318-17b1-4ade-bef5-0c2058da50dd","msg_timestamp":1772956896512,"nonce":"","not_permissions_mention":[]}}
2026-03-08 16:01:34 - KOOK_Robot - INFO - {"code":0,"message":"操作成功","data":{"msg_id":"6cbf1d9d-793d-44b6-b799-36ea1d0ee209","msg_timestamp":1772956897116,"nonce":"","not_permissions_mention":[]}}
2026-03-08 16:01:37 - KOOK_Robot - INFO - {"code":0,"message":"操作成功","data":{}}
2026-03-08 16:02:39 - KOOK_Robot - INFO - {"code":0,"message":"操作成功","data":{"msg_id":"9a9073ac-622b-4dff-9ad7-f60e91153fa5","msg_timestamp":1772956961846,"nonce":"","not_permissions_mention":[]}}
2026-03-08 16:02:40 - KOOK_Robot - INFO - {"code":0,"message":"操作成功","data":{}}
2026-03-08 16:02:49 - KOOK_Robot - INFO - {'code': 0, 'message': '操作成功', 'data': {'role_id': '63240954', 'allow': 2048, 'deny': 0}}
2026-03-08 16:02:49 - KOOK_Robot - INFO - {'code': 0, 'message': '操作成功', 'data': {'role_id': '63240953', 'allow': 2048, 'deny': 0}}
2026-03-08 16:02:50 - KOOK_Robot - INFO - {"code":0,"message":"操作成功","data":{"msg_id":"99d136f3-c8c0-4c15-9b35-09f5964c0986","msg_timestamp":1772956972471,"nonce":"","not_permissions_mention":[]}}
2026-03-08 16:02:50 - KOOK_Robot - INFO - {"code":0,"message":"操作成功","data":{"msg_id":"0cc7bcd9-13cc-4d04-bfa5-00320a3632a8","msg_timestamp":1772956973099,"nonce":"","not_permissions_mention":[]}}
2026-03-08 16:02:52 - KOOK_Robot - INFO - {"code":0,"message":"操作成功","data":{}}
2026-03-08 16:04:59 - KOOK_Robot - INFO - updated [马克]!
2026-03-08 16:04:59 - KOOK_Robot - INFO - updated [观荐]!
2026-03-08 16:05:25 - KOOK_Robot - INFO - updated [马克]!
2026-03-08 16:05:25 - KOOK_Robot - INFO - updated [观荐]!
2026-03-08 16:06:13 - KOOK_Robot - INFO - updated [观荐]!
2026-03-08 16:06:13 - KOOK_Robot - INFO - updated [马克]!
2026-03-08 16:06:23 - KOOK_Robot - INFO - updated [观荐]!
2026-03-08 16:06:23 - KOOK_Robot - INFO - updated [马克]!
2026-03-08 23:29:58 - KOOK_Robot - ERROR - module 'template' has no attribute 'getMiniDateInviteContet'
2026-03-08 23:30:57 - KOOK_Robot - ERROR - getMiniDateInviteContent() missing 1 required positional argument: 'note'
2026-03-08 23:31:30 - KOOK_Robot - INFO - {"code":0,"message":"操作成功","data":{"msg_id":"fc7c634c-6fda-4819-94af-79ce626a4819","msg_timestamp":1772983893680,"nonce":"","not_permissions_mention":[]}}
2026-03-08 23:38:32 - KOOK_Robot - INFO - {"code":0,"message":"操作成功","data":{"msg_id":"df338c42-e45b-4cef-9be3-64b722421abc","msg_timestamp":1772984315975,"nonce":"","not_permissions_mention":[]}}
2026-03-08 23:44:21 - KOOK_Robot - INFO - {"code":0,"message":"操作成功","data":{"msg_id":"2a723ea5-d245-441f-87f0-e75f537b6406","msg_timestamp":1772984664171,"nonce":"","not_permissions_mention":[]}}
2026-03-08 23:45:10 - KOOK_Robot - INFO - {"code":0,"message":"操作成功","data":{"msg_id":"82ffed10-bf96-440a-9c75-6bd1cf71771d","msg_timestamp":1772984713665,"nonce":"","not_permissions_mention":[]}}
2026-03-08 23:45:17 - KOOK_Robot - INFO - {'code': 0, 'message': '操作成功', 'data': {'role_id': '63240953', 'allow': 2048, 'deny': 0}}
2026-03-08 23:45:17 - KOOK_Robot - INFO - {'code': 0, 'message': '操作成功', 'data': {'role_id': '63240954', 'allow': 2048, 'deny': 0}}
2026-03-08 23:45:18 - KOOK_Robot - INFO - {"code":0,"message":"操作成功","data":{"msg_id":"abf58ba2-dad4-48f5-838c-c31a1ba6eddf","msg_timestamp":1772984721871,"nonce":"","not_permissions_mention":[]}}
2026-03-08 23:45:19 - KOOK_Robot - INFO - {"code":0,"message":"操作成功","data":{"msg_id":"13e437c8-80e3-4307-8946-a23d5a7f1774","msg_timestamp":1772984722602,"nonce":"","not_permissions_mention":[]}}
2026-03-08 23:45:20 - KOOK_Robot - INFO - {"code":0,"message":"操作成功","data":{}}
2026-03-08 23:47:24 - KOOK_Robot - INFO - {"code":0,"message":"操作成功","data":{"msg_id":"80e6067d-5274-4a1f-b431-b5f09eb09e3f","msg_timestamp":1772984847935,"nonce":"","not_permissions_mention":[]}}
2026-03-08 23:47:29 - KOOK_Robot - INFO - {"code":0,"message":"操作成功","data":{"msg_id":"2b3164cb-2f7e-403a-b087-8cfd934c082b","msg_timestamp":1772984853049,"nonce":"","not_permissions_mention":[]}}
2026-03-08 23:47:31 - KOOK_Robot - INFO - {"code":0,"message":"操作成功","data":{}}
2026-03-08 23:51:33 - KOOK_Robot - INFO - {"code":0,"message":"操作成功","data":{"msg_id":"4a566d23-03ab-4552-869b-0c6ad65dcbdc","msg_timestamp":1772985095982,"nonce":"","not_permissions_mention":[]}}
2026-03-08 23:51:41 - KOOK_Robot - INFO - {"code":0,"message":"操作成功","data":{"msg_id":"6e701cac-55e1-4923-9709-8cb14c973e0f","msg_timestamp":1772985104633,"nonce":"","not_permissions_mention":[]}}
2026-03-08 23:51:42 - KOOK_Robot - INFO - {"code":0,"message":"操作成功","data":{}}
2026-03-09 22:08:57 - KOOK_Robot - INFO - {"code":0,"message":"操作成功","data":{"msg_id":"0a2f0a2e-ffdd-4df6-bf2e-21c3c293cd61","msg_timestamp":1773065337822,"nonce":"","not_permissions_mention":[]}}
2026-03-09 22:08:59 - KOOK_Robot - INFO - {"code":0,"message":"操作成功","data":{}}
2026-03-09 22:10:11 - KOOK_Robot - INFO - {"code":0,"message":"操作成功","data":{"msg_id":"337233a0-579c-463c-8aa2-0b82f254c487","msg_timestamp":1773065407957,"nonce":"","not_permissions_mention":[]}}
2026-03-09 22:10:21 - KOOK_Robot - INFO - {"code":0,"message":"操作成功","data":{"msg_id":"5f1a4a7e-7cdf-4a53-aabf-2919db9aab02","msg_timestamp":1773065421000,"nonce":"","not_permissions_mention":[]}}
2026-03-09 22:10:22 - KOOK_Robot - INFO - {"code":0,"message":"操作成功","data":{}}
