2026-02-23 09:57:48 - KOOK_Robot - INFO - {'code': 0, 'message': '操作成功', 'data': {'role_id': '63240949', 'allow': 2048, 'deny': 0}}
2026-02-23 09:57:49 - KOOK_Robot - INFO - {"code":0,"message":"操作成功","data":{"msg_id":"7f9371d9-35f7-4ce9-82cd-6430203e5677","msg_timestamp":1771811870344,"nonce":"","not_permissions_mention":[]}}
2026-02-23 09:57:49 - KOOK_Robot - INFO - {'code': 0, 'message': '操作成功', 'data': {'role_id': '63240953', 'allow': 2048, 'deny': 0}}
2026-02-23 09:57:50 - KOOK_Robot - INFO - {"code":0,"message":"操作成功","data":{"msg_id":"f1e5648a-a5d8-4523-b347-adca1a283939","msg_timestamp":1771811871350,"nonce":"","not_permissions_mention":[]}}
2026-02-23 09:58:33 - KOOK_Robot - INFO - {"code":0,"message":"操作成功","data":{"msg_id":"d55462a0-cecc-430f-9ac4-00db63e010d2","msg_timestamp":1771811913784,"nonce":"","not_permissions_mention":[]}}
2026-02-23 09:58:34 - KOOK_Robot - INFO - {"code":0,"message":"操作成功","data":{}}
2026-02-23 10:01:04 - KOOK_Robot - INFO - {"code":0,"message":"操作成功","data":{"msg_id":"4361a6c6-cfbc-4cae-bc6c-dc6ae9ffc062","msg_timestamp":1771812065503,"nonce":"","not_permissions_mention":[]}}
2026-02-23 10:01:05 - KOOK_Robot - INFO - {"code":0,"message":"操作成功","data":{}}
2026-02-23 19:08:04 - KOOK_Robot - INFO - {"code":0,"message":"操作成功","data":{"msg_id":"c1455fc6-96f2-4a70-bf63-27fcfba2c361","msg_timestamp":1771844885527,"nonce":"","not_permissions_mention":[]}}
2026-02-23 19:08:05 - KOOK_Robot - INFO - {"code":0,"message":"操作成功","data":{}}
2026-02-23 19:08:37 - KOOK_Robot - INFO - {"code":0,"message":"操作成功","data":{"msg_id":"33b06386-1dbb-4126-bc13-f3212aba0046","msg_timestamp":1771844918687,"nonce":"","not_permissions_mention":[]}}
2026-02-23 19:08:39 - KOOK_Robot - INFO - {"code":0,"message":"操作成功","data":{}}
2026-02-23 19:15:21 - KOOK_Robot - INFO - {"code":0,"message":"操作成功","data":{"msg_id":"70f20306-aa1d-4277-b5ca-74e41b9a79e3","msg_timestamp":1771845321861,"nonce":"","not_permissions_mention":[]}}
2026-02-23 19:15:22 - KOOK_Robot - INFO - {"code":0,"message":"操作成功","data":{}}
2026-02-23 19:15:25 - KOOK_Robot - INFO - {"code":0,"message":"操作成功","data":{"msg_id":"d10b4660-85ce-43bb-a317-3174304c7576","msg_timestamp":1771845326193,"nonce":"","not_permissions_mention":[]}}
2026-02-23 19:15:26 - KOOK_Robot - INFO - {"code":0,"message":"操作成功","data":{}}
2026-02-23 19:15:56 - KOOK_Robot - INFO - {"code":0,"message":"操作成功","data":{"msg_id":"d6fc68ef-0367-4fd3-8a8a-aad7643fb5c9","msg_timestamp":1771845357699,"nonce":"","not_permissions_mention":[]}}
2026-02-23 19:16:03 - KOOK_Robot - INFO - {"code":0,"message":"操作成功","data":{}}
2026-02-23 19:16:04 - KOOK_Robot - INFO - {'code': 0, 'message': '操作成功', 'data': {'role_id': '63240953', 'allow': 2048, 'deny': 0}}
2026-02-23 19:16:05 - KOOK_Robot - INFO - {'code': 0, 'message': '操作成功', 'data': {'role_id': '63240954', 'allow': 2048, 'deny': 0}}
2026-02-23 19:16:05 - KOOK_Robot - INFO - {"code":0,"message":"操作成功","data":{"msg_id":"ca4c9e82-0403-45fc-aa45-4a6811cb375d","msg_timestamp":1771845366873,"nonce":"","not_permissions_mention":[]}}
2026-02-23 19:16:06 - KOOK_Robot - INFO - {"code":0,"message":"操作成功","data":{"msg_id":"3872ddc0-c30d-4488-84c6-9c5da970cc2f","msg_timestamp":1771845367523,"nonce":"","not_permissions_mention":[]}}
2026-02-23 19:20:41 - KOOK_Robot - INFO - {"code":0,"message":"操作成功","data":{"msg_id":"57f7631b-bc72-4366-9d31-1d8b26403d81","msg_timestamp":1771845642124,"nonce":"","not_permissions_mention":[]}}
2026-02-23 19:20:42 - KOOK_Robot - INFO - {"code":0,"message":"操作成功","data":{}}
2026-02-23 19:20:49 - KOOK_Robot - INFO - {'code': 0, 'message': '操作成功', 'data': {'role_id': '63240953', 'allow': 2048, 'deny': 0}}
2026-02-23 19:20:49 - KOOK_Robot - INFO - {'code': 0, 'message': '操作成功', 'data': {'role_id': '63240954', 'allow': 2048, 'deny': 0}}
2026-02-23 19:20:50 - KOOK_Robot - INFO - {"code":0,"message":"操作成功","data":{"msg_id":"fc008650-0c0f-4b85-9d9b-ebb1b5879989","msg_timestamp":1771845651108,"nonce":"","not_permissions_mention":[]}}
2026-02-23 19:20:50 - KOOK_Robot - INFO - {"code":0,"message":"操作成功","data":{"msg_id":"e2ef8a72-d181-4909-bacb-7398800ce13a","msg_timestamp":1771845651764,"nonce":"","not_permissions_mention":[]}}
2026-02-23 19:20:51 - KOOK_Robot - INFO - {"code":0,"message":"操作成功","data":{}}
2026-02-23 19:21:03 - KOOK_Robot - INFO - {"code":0,"message":"操作成功","data":{"msg_id":"8b38a1b2-f5c5-488a-b79b-c8c66cb5d642","msg_timestamp":1771845664426,"nonce":"","not_permissions_mention":[]}}
2026-02-23 19:21:05 - KOOK_Robot - INFO - {"code":0,"message":"操作成功","data":{}}
2026-02-23 19:21:08 - KOOK_Robot - INFO - {'code': 0, 'message': '操作成功', 'data': {'role_id': '63240953', 'allow': 2048, 'deny': 0}}
2026-02-23 19:21:08 - KOOK_Robot - INFO - {'code': 0, 'message': '操作成功', 'data': {'role_id': '63240954', 'allow': 2048, 'deny': 0}}
2026-02-23 19:21:09 - KOOK_Robot - INFO - {"code":0,"message":"操作成功","data":{"msg_id":"7e615ec9-347c-411f-b78e-47f5bb5933e9","msg_timestamp":1771845670140,"nonce":"","not_permissions_mention":[]}}
2026-02-23 19:21:09 - KOOK_Robot - INFO - {"code":0,"message":"操作成功","data":{"msg_id":"f8384544-20a2-4c9e-b323-360d708ffef3","msg_timestamp":1771845670903,"nonce":"","not_permissions_mention":[]}}
2026-02-23 19:21:10 - KOOK_Robot - INFO - {"code":0,"message":"操作成功","data":{}}
2026-02-23 19:21:18 - KOOK_Robot - INFO - {"code":0,"message":"操作成功","data":{"msg_id":"dfdc3d17-7a76-4275-bfa4-c39d32458449","msg_timestamp":1771845679113,"nonce":"","not_permissions_mention":[]}}
2026-02-23 19:21:19 - KOOK_Robot - INFO - {"code":0,"message":"操作成功","data":{}}
2026-02-23 19:21:22 - KOOK_Robot - INFO - {"code":0,"message":"操作成功","data":{"msg_id":"f73e9356-24fb-4a92-86fa-30b2bebcca46","msg_timestamp":1771845683926,"nonce":"","not_permissions_mention":[]}}
2026-02-23 19:21:24 - KOOK_Robot - INFO - {"code":0,"message":"操作成功","data":{}}
