2026-03-07 14:55:00 - KOOK_Robot - ERROR - ❌ 清空失败，头颅.json不存在，无需清空
2026-03-07 15:24:20 - KOOK_Robot - INFO - ❌ 操作失败，个人频道绑定格式：绑定·恋综名称 角色名称 @玩家账号 @角色组
2026-03-07 15:42:08 - KOOK_Robot - INFO - {'code': 40000, 'message': '角色不存在或者你没有权限操作', 'data': {}}
2026-03-07 15:42:08 - KOOK_Robot - INFO - {"code":0,"message":"操作成功","data":{"msg_id":"231ed3f6-c2b6-475a-bb0a-d96071626de9","msg_timestamp":1772869328922,"nonce":"","not_permissions_mention":[]}}
2026-03-07 15:42:09 - KOOK_Robot - INFO - {'code': 40000, 'message': '角色不存在或者你没有权限操作', 'data': {}}
2026-03-07 15:42:09 - KOOK_Robot - INFO - {"code":0,"message":"操作成功","data":{"msg_id":"45451aef-2fad-4dd3-879e-8005a07bdd98","msg_timestamp":1772869329817,"nonce":"","not_permissions_mention":[]}}
2026-03-07 15:42:26 - KOOK_Robot - INFO - {'code': 40000, 'message': '角色不存在或者你没有权限操作', 'data': {}}
2026-03-07 15:42:27 - KOOK_Robot - INFO - {"code":0,"message":"操作成功","data":{"msg_id":"ec26a77d-58c4-4596-90ec-93d07bb9a468","msg_timestamp":1772869347267,"nonce":"","not_permissions_mention":[]}}
2026-03-07 15:42:27 - KOOK_Robot - INFO - {'code': 40000, 'message': '角色不存在或者你没有权限操作', 'data': {}}
2026-03-07 15:42:28 - KOOK_Robot - INFO - {"code":0,"message":"操作成功","data":{"msg_id":"4512996e-d3a3-4ca5-9615-3aee717932f1","msg_timestamp":1772869348128,"nonce":"","not_permissions_mention":[]}}
2026-03-07 15:42:38 - KOOK_Robot - INFO - {'code': 40000, 'message': '角色不存在或者你没有权限操作', 'data': {}}
2026-03-07 15:42:39 - KOOK_Robot - INFO - {"code":0,"message":"操作成功","data":{"msg_id":"84e72819-3110-4ba1-9b27-7ef9c9ccc066","msg_timestamp":1772869359448,"nonce":"","not_permissions_mention":[]}}
2026-03-07 15:42:39 - KOOK_Robot - INFO - {'code': 40000, 'message': '角色不存在或者你没有权限操作', 'data': {}}
2026-03-07 15:42:40 - KOOK_Robot - INFO - {"code":0,"message":"操作成功","data":{"msg_id":"f05059e7-b9f1-4f33-b23c-e7938f48c094","msg_timestamp":1772869360250,"nonce":"","not_permissions_mention":[]}}
2026-03-07 20:42:40 - KOOK_Robot - INFO - {"code":0,"message":"操作成功","data":{"msg_id":"f91ecee2-eb94-4afc-ae26-3e012e2d52d1","msg_timestamp":1772887361491,"nonce":"","not_permissions_mention":[]}}
2026-03-07 20:42:42 - KOOK_Robot - INFO - {"code":0,"message":"操作成功","data":{}}
2026-03-07 20:42:47 - KOOK_Robot - INFO - {'code': 40000, 'message': '角色不存在或者你没有权限操作', 'data': {}}
2026-03-07 20:42:47 - KOOK_Robot - INFO - {'code': 40000, 'message': '角色不存在或者你没有权限操作', 'data': {}}
2026-03-07 20:42:48 - KOOK_Robot - INFO - {"code":0,"message":"操作成功","data":{"msg_id":"50e9801a-240b-4cfd-91b1-f57eb91f91eb","msg_timestamp":1772887368662,"nonce":"","not_permissions_mention":[]}}
2026-03-07 20:42:48 - KOOK_Robot - INFO - {"code":0,"message":"操作成功","data":{"msg_id":"df22fd05-6f42-43dc-87d0-29675527c84a","msg_timestamp":1772887369350,"nonce":"","not_permissions_mention":[]}}
2026-03-07 20:42:50 - KOOK_Robot - INFO - {"code":0,"message":"操作成功","data":{}}
2026-03-07 20:42:50 - KOOK_Robot - ERROR - saveRecord() missing 1 required positional argument: 'data'
2026-03-07 20:46:44 - KOOK_Robot - INFO - {"code":0,"message":"操作成功","data":{"msg_id":"8837515b-55c4-49c7-9f13-286c6cd082fc","msg_timestamp":1772887605050,"nonce":"","not_permissions_mention":[]}}
2026-03-07 20:46:45 - KOOK_Robot - INFO - {"code":0,"message":"操作成功","data":{}}
2026-03-07 20:46:47 - KOOK_Robot - INFO - {'code': 40000, 'message': '角色不存在或者你没有权限操作', 'data': {}}
2026-03-07 20:46:48 - KOOK_Robot - INFO - {'code': 40000, 'message': '角色不存在或者你没有权限操作', 'data': {}}
2026-03-07 20:46:48 - KOOK_Robot - INFO - {"code":0,"message":"操作成功","data":{"msg_id":"2d0a2d54-d097-42f0-be5f-bd9c049b9b11","msg_timestamp":1772887609550,"nonce":"","not_permissions_mention":[]}}
2026-03-07 20:46:49 - KOOK_Robot - INFO - {"code":0,"message":"操作成功","data":{"msg_id":"55d30013-5ba0-474e-8842-bdedd5541702","msg_timestamp":1772887610376,"nonce":"","not_permissions_mention":[]}}
2026-03-07 20:46:50 - KOOK_Robot - INFO - {"code":0,"message":"操作成功","data":{}}
2026-03-07 21:12:41 - KOOK_Robot - INFO - {"code":0,"message":"操作成功","data":{"msg_id":"875d8f9a-fe49-4a85-94cb-c3c54e5e51b3","msg_timestamp":1772889162257,"nonce":"","not_permissions_mention":[]}}
2026-03-07 21:12:48 - KOOK_Robot - INFO - {'code': 40000, 'message': '角色不存在或者你没有权限操作', 'data': {}}
2026-03-07 21:12:48 - KOOK_Robot - INFO - {'code': 40000, 'message': '角色不存在或者你没有权限操作', 'data': {}}
2026-03-07 21:12:48 - KOOK_Robot - INFO - {"code":0,"message":"操作成功","data":{"msg_id":"da325cac-5da9-4b02-baaa-8753b55c659d","msg_timestamp":1772889169736,"nonce":"","not_permissions_mention":[]}}
2026-03-07 21:12:49 - KOOK_Robot - INFO - {"code":0,"message":"操作成功","data":{"msg_id":"ff3184ba-83e8-4ec1-af1f-68b2e172bc0a","msg_timestamp":1772889170401,"nonce":"","not_permissions_mention":[]}}
2026-03-07 21:12:51 - KOOK_Robot - INFO - {"code":0,"message":"操作成功","data":{}}
2026-03-07 21:12:51 - KOOK_Robot - ERROR - 'name'
2026-03-07 21:17:31 - KOOK_Robot - INFO - {"code":0,"message":"操作成功","data":{"msg_id":"e9b03c95-6449-45c9-a9da-74873731ac23","msg_timestamp":1772889452273,"nonce":"","not_permissions_mention":[]}}
2026-03-07 21:17:40 - KOOK_Robot - INFO - {"code":40000,"message":"json格式不正确","data":{}}
2026-03-07 21:18:39 - KOOK_Robot - INFO - {"code":40000,"message":"json格式不正确","data":{}}
2026-03-07 21:19:06 - KOOK_Robot - INFO - {"code":0,"message":"操作成功","data":{"msg_id":"9f321b87-a521-406a-ab0b-391db54c1d92","msg_timestamp":1772889546877,"nonce":"","not_permissions_mention":[]}}
2026-03-07 21:19:48 - KOOK_Robot - INFO - {"code":0,"message":"操作成功","data":{"msg_id":"f0151a72-d5d1-4302-b2ff-ca5402312454","msg_timestamp":1772889589434,"nonce":"","not_permissions_mention":[]}}
2026-03-07 21:28:49 - KOOK_Robot - INFO - {"code":0,"message":"操作成功","data":{"msg_id":"6a86683c-6648-4212-91a1-84ae466d6f9e","msg_timestamp":1772890129952,"nonce":"","not_permissions_mention":[]}}
2026-03-07 21:28:50 - KOOK_Robot - INFO - {"code":0,"message":"操作成功","data":{"msg_id":"4b200417-9e66-4b5d-80b3-d704f3cdbcfe","msg_timestamp":1772890130995,"nonce":"","not_permissions_mention":[]}}
2026-03-07 21:28:56 - KOOK_Robot - INFO - {'code': 40000, 'message': '角色不存在或者你没有权限操作', 'data': {}}
2026-03-07 21:28:56 - KOOK_Robot - INFO - {'code': 40000, 'message': '角色不存在或者你没有权限操作', 'data': {}}
2026-03-07 21:28:57 - KOOK_Robot - INFO - {"code":0,"message":"操作成功","data":{"msg_id":"239d462c-486d-444d-9e1e-3182e8b43c40","msg_timestamp":1772890138034,"nonce":"","not_permissions_mention":[]}}
2026-03-07 21:28:58 - KOOK_Robot - INFO - {"code":0,"message":"操作成功","data":{"msg_id":"609e3296-050a-4617-a966-a22738a53ed9","msg_timestamp":1772890138826,"nonce":"","not_permissions_mention":[]}}
2026-03-07 21:28:59 - KOOK_Robot - INFO - {"code":0,"message":"操作成功","data":{}}
2026-03-07 23:18:15 - KOOK_Robot - INFO - {"code":0,"message":"操作成功","data":{"msg_id":"b8889c71-04eb-42cb-8a29-96da0246f8e9","msg_timestamp":1772896695127,"nonce":"","not_permissions_mention":[]}}
2026-03-07 23:18:23 - KOOK_Robot - INFO - {'code': 40000, 'message': '角色不存在或者你没有权限操作', 'data': {}}
2026-03-07 23:18:23 - KOOK_Robot - INFO - {'code': 40000, 'message': '角色不存在或者你没有权限操作', 'data': {}}
2026-03-07 23:18:24 - KOOK_Robot - INFO - {"code":0,"message":"操作成功","data":{"msg_id":"c6e603f6-3ff8-4120-a5e2-2c041912f3fe","msg_timestamp":1772896703865,"nonce":"","not_permissions_mention":[]}}
2026-03-07 23:18:24 - KOOK_Robot - INFO - {"code":0,"message":"操作成功","data":{"msg_id":"e6b44f1e-0c7e-4613-9dfa-03629f99c5a2","msg_timestamp":1772896704515,"nonce":"","not_permissions_mention":[]}}
2026-03-07 23:18:26 - KOOK_Robot - INFO - {"code":0,"message":"操作成功","data":{}}
2026-03-07 23:18:26 - KOOK_Robot - ERROR - 'details'
2026-03-07 23:18:33 - KOOK_Robot - INFO - {"code":0,"message":"操作成功","data":{"msg_id":"70b707f2-8564-4e50-94a9-8714c3a7e2f9","msg_timestamp":1772896713442,"nonce":"","not_permissions_mention":[]}}
2026-03-07 23:18:34 - KOOK_Robot - INFO - {"code":0,"message":"操作成功","data":{}}
2026-03-07 23:18:38 - KOOK_Robot - INFO - {'code': 40000, 'message': '角色不存在或者你没有权限操作', 'data': {}}
2026-03-07 23:18:38 - KOOK_Robot - INFO - {'code': 40000, 'message': '角色不存在或者你没有权限操作', 'data': {}}
2026-03-07 23:18:39 - KOOK_Robot - INFO - {"code":0,"message":"操作成功","data":{"msg_id":"2bf45cd5-03d1-4ae4-b046-74db9f3844ad","msg_timestamp":1772896718665,"nonce":"","not_permissions_mention":[]}}
2026-03-07 23:18:39 - KOOK_Robot - INFO - {"code":0,"message":"操作成功","data":{"msg_id":"4cbaa4a6-c3ff-4068-a6ed-4334e58a0063","msg_timestamp":1772896719354,"nonce":"","not_permissions_mention":[]}}
2026-03-07 23:18:40 - KOOK_Robot - INFO - {"code":0,"message":"操作成功","data":{}}
2026-03-07 23:18:40 - KOOK_Robot - ERROR - 'details'
2026-03-07 23:25:32 - KOOK_Robot - INFO - ['头颅', '马克', '(met)3199247469(met)', '(rol)63240953(rol)']
2026-03-07 23:26:24 - KOOK_Robot - INFO - ['头颅', '马克', '(met)3199247469(met)', '(rol)63240953(rol)']
2026-03-07 23:26:53 - KOOK_Robot - INFO - ['头颅', '观荐', '(met)2885606149(met)', '(rol)63240954(rol)']
2026-03-07 23:27:08 - KOOK_Robot - INFO - {"code":0,"message":"操作成功","data":{"msg_id":"78589abc-249b-4f60-982a-56ce0b4da366","msg_timestamp":1772897228468,"nonce":"","not_permissions_mention":[]}}
2026-03-07 23:27:10 - KOOK_Robot - INFO - {"code":0,"message":"操作成功","data":{}}
2026-03-07 23:27:13 - KOOK_Robot - INFO - {'code': 0, 'message': '操作成功', 'data': {'role_id': '63240953', 'allow': 2048, 'deny': 0}}
2026-03-07 23:27:13 - KOOK_Robot - INFO - {'code': 0, 'message': '操作成功', 'data': {'role_id': '63240954', 'allow': 2048, 'deny': 0}}
2026-03-07 23:27:14 - KOOK_Robot - INFO - {"code":0,"message":"操作成功","data":{"msg_id":"bf0fcf04-56d0-4af0-89d2-0badf6ada4dd","msg_timestamp":1772897234003,"nonce":"","not_permissions_mention":[]}}
2026-03-07 23:27:14 - KOOK_Robot - INFO - {"code":0,"message":"操作成功","data":{"msg_id":"f4c0e760-e507-45c5-98eb-5d5f9240c65c","msg_timestamp":1772897234722,"nonce":"","not_permissions_mention":[]}}
2026-03-07 23:27:17 - KOOK_Robot - INFO - {"code":0,"message":"操作成功","data":{}}
2026-03-07 23:48:23 - KOOK_Robot - INFO - updated [观荐]!
2026-03-07 23:48:23 - KOOK_Robot - INFO - updated [马克]!
2026-03-07 23:59:32 - KOOK_Robot - INFO - {"code":0,"message":"操作成功","data":{"msg_id":"1b794eb4-a26f-4c8a-92a2-39a066d381c9","msg_timestamp":1772899171873,"nonce":"","not_permissions_mention":[]}}
