2026-03-10 19:31:41 - KOOK_Robot - INFO - {"code":0,"message":"操作成功","data":{"msg_id":"11ff377f-adf9-4386-b99e-75ece8edf7db","msg_timestamp":1773142304267,"nonce":"","not_permissions_mention":[]}}
2026-03-10 19:39:57 - KOOK_Robot - INFO - {"code":0,"message":"操作成功","data":{"msg_id":"ca9ae3c0-6a56-4a9d-84ef-e412c8dda9f8","msg_timestamp":1773142800151,"nonce":"","not_permissions_mention":[]}}
2026-03-10 19:40:11 - KOOK_Robot - INFO - {"code":0,"message":"操作成功","data":{"msg_id":"54464582-ef66-45b4-b3b4-5f438f210091","msg_timestamp":1773142814941,"nonce":"","not_permissions_mention":[]}}
2026-03-10 19:40:31 - KOOK_Robot - INFO - {"code":0,"message":"操作成功","data":{"msg_id":"9a348d6a-84d1-4dd2-8314-11cb2d695fcc","msg_timestamp":1773142834477,"nonce":"","not_permissions_mention":[]}}
2026-03-10 19:40:38 - KOOK_Robot - INFO - {'code': 0, 'message': '操作成功', 'data': {'role_id': '63240954', 'allow': 2048, 'deny': 0}}
2026-03-10 19:40:38 - KOOK_Robot - INFO - {'code': 0, 'message': '操作成功', 'data': {'role_id': '63240953', 'allow': 2048, 'deny': 0}}
2026-03-10 19:40:39 - KOOK_Robot - INFO - {"code":0,"message":"操作成功","data":{"msg_id":"efc40f8f-03e0-4976-bf5a-e1a60037fd82","msg_timestamp":1773142842498,"nonce":"","not_permissions_mention":[]}}
2026-03-10 19:40:40 - KOOK_Robot - INFO - {"code":0,"message":"操作成功","data":{"msg_id":"bf67f8bc-020e-4f9e-86ec-6c0806db0842","msg_timestamp":1773142843215,"nonce":"","not_permissions_mention":[]}}
2026-03-10 19:40:40 - KOOK_Robot - ERROR - getWashWallDisEnableContent() missing 1 required positional argument: 'm'
2026-03-10 19:41:32 - KOOK_Robot - INFO - {'code': 0, 'message': '操作成功', 'data': {'role_id': '63240954', 'allow': 2048, 'deny': 0}}
2026-03-10 19:41:33 - KOOK_Robot - INFO - {'code': 0, 'message': '操作成功', 'data': {'role_id': '63240953', 'allow': 2048, 'deny': 0}}
2026-03-10 19:41:33 - KOOK_Robot - INFO - {"code":0,"message":"操作成功","data":{"msg_id":"22c0fef3-ec49-4730-834c-a33c1b41a674","msg_timestamp":1773142896963,"nonce":"","not_permissions_mention":[]}}
2026-03-10 19:41:34 - KOOK_Robot - INFO - {"code":0,"message":"操作成功","data":{"msg_id":"96676e78-4465-4fcc-b1dd-ac2c6d558466","msg_timestamp":1773142897612,"nonce":"","not_permissions_mention":[]}}
2026-03-10 19:41:34 - KOOK_Robot - INFO - {"code":40000,"message":"卡片消息json没有通过验证或者不存在","data":{}}
2026-03-10 19:42:15 - KOOK_Robot - INFO - {'code': 0, 'message': '操作成功', 'data': {'role_id': '63240954', 'allow': 2048, 'deny': 0}}
2026-03-10 19:42:16 - KOOK_Robot - INFO - {'code': 0, 'message': '操作成功', 'data': {'role_id': '63240953', 'allow': 2048, 'deny': 0}}
2026-03-10 19:42:16 - KOOK_Robot - INFO - {"code":0,"message":"操作成功","data":{"msg_id":"308978e9-973d-4414-8d18-8ff7f4c4b930","msg_timestamp":1773142940089,"nonce":"","not_permissions_mention":[]}}
2026-03-10 19:42:17 - KOOK_Robot - INFO - {"code":0,"message":"操作成功","data":{"msg_id":"40b70763-2390-4294-98b4-62d26668460d","msg_timestamp":1773142940749,"nonce":"","not_permissions_mention":[]}}
2026-03-10 19:42:19 - KOOK_Robot - INFO - {"code":0,"message":"操作成功","data":{}}
2026-03-10 22:10:16 - KOOK_Robot - INFO - {"code":0,"message":"操作成功","data":{"msg_id":"d641d2e6-79c6-449a-bd8e-2f6d038ed161","msg_timestamp":1773151819204,"nonce":"","not_permissions_mention":[]}}
2026-03-10 22:10:24 - KOOK_Robot - INFO - {"code":0,"message":"操作成功","data":{"msg_id":"1a31a748-3d17-426f-9176-bfc805be2242","msg_timestamp":1773151828428,"nonce":"","not_permissions_mention":[]}}
2026-03-10 22:10:26 - KOOK_Robot - INFO - {"code":0,"message":"操作成功","data":{}}
2026-03-10 22:31:35 - KOOK_Robot - INFO - {"code":0,"message":"操作成功","data":{"msg_id":"1f850d10-4e3c-4e40-93fd-3c609828d0f0","msg_timestamp":1773153099244,"nonce":"","not_permissions_mention":[]}}
2026-03-10 22:56:38 - KOOK_Robot - ERROR - list index out of range
2026-03-10 22:56:39 - KOOK_Robot - INFO - {"code":0,"message":"操作成功","data":{"msg_id":"3e2f7920-c646-4dda-9068-e0b1b2aa6286","msg_timestamp":1773154602795,"nonce":"","not_permissions_mention":[]}}
2026-03-10 22:56:51 - KOOK_Robot - ERROR - list index out of range
2026-03-10 22:56:52 - KOOK_Robot - INFO - {"code":0,"message":"操作成功","data":{"msg_id":"75d25254-e003-4e73-add6-53d60a90ab61","msg_timestamp":1773154615977,"nonce":"","not_permissions_mention":[]}}
2026-03-10 22:58:34 - KOOK_Robot - INFO - {"code":0,"message":"操作成功","data":{"msg_id":"3d8c511d-ca1f-4ad7-b79b-59c46e6d4a20","msg_timestamp":1773154717936,"nonce":"","not_permissions_mention":[]}}
2026-03-10 22:59:09 - KOOK_Robot - INFO - {"code":0,"message":"操作成功","data":{"msg_id":"9bdb621a-9285-443f-b2fd-52015a4fa078","msg_timestamp":1773154753423,"nonce":"","not_permissions_mention":[]}}
2026-03-10 23:00:55 - KOOK_Robot - INFO - {"code":0,"message":"操作成功","data":{"msg_id":"4bb49e69-4281-4fc4-ba3e-368b1ae6c34f","msg_timestamp":1773154859558,"nonce":"","not_permissions_mention":[]}}
2026-03-10 23:00:56 - KOOK_Robot - INFO - {"code":0,"message":"操作成功","data":{"msg_id":"22a0ccd0-c615-418f-a34f-e3657eed0a06","msg_timestamp":1773154860499,"nonce":"","not_permissions_mention":[]}}
2026-03-10 23:01:14 - KOOK_Robot - INFO - {"code":0,"message":"操作成功","data":{"msg_id":"22c5a140-ade8-4e46-852f-8ef064f68391","msg_timestamp":1773154878576,"nonce":"","not_permissions_mention":[]}}
2026-03-10 23:01:15 - KOOK_Robot - INFO - {"code":0,"message":"操作成功","data":{"msg_id":"b36fa38e-0d3d-483c-829e-7dcbba449e97","msg_timestamp":1773154879594,"nonce":"","not_permissions_mention":[]}}
2026-03-10 23:01:32 - KOOK_Robot - INFO - {"code":0,"message":"操作成功","data":{"msg_id":"111c4f23-ed9f-4a89-a87f-cb928da41a40","msg_timestamp":1773154895841,"nonce":"","not_permissions_mention":[]}}
2026-03-10 23:03:35 - KOOK_Robot - INFO - {"code":0,"message":"操作成功","data":{"msg_id":"c497b3df-5ef3-4925-a7cd-489cfa96fcf6","msg_timestamp":1773155018846,"nonce":"","not_permissions_mention":[]}}
2026-03-10 23:04:56 - KOOK_Robot - INFO - {"code":0,"message":"操作成功","data":{"msg_id":"7524455d-ac0c-4b9f-9119-716ea81f6816","msg_timestamp":1773155099170,"nonce":"","not_permissions_mention":[]}}
2026-03-10 23:05:02 - KOOK_Robot - INFO - {'code': 0, 'message': '操作成功', 'data': {'role_id': '63240953', 'allow': 2048, 'deny': 0}}
2026-03-10 23:05:02 - KOOK_Robot - INFO - {'code': 0, 'message': '操作成功', 'data': {'role_id': '63240954', 'allow': 2048, 'deny': 0}}
2026-03-10 23:05:03 - KOOK_Robot - INFO - {"code":0,"message":"操作成功","data":{"msg_id":"853fd302-d5a0-4de5-a1a1-6a9020b1bb49","msg_timestamp":1773155107235,"nonce":"","not_permissions_mention":[]}}
2026-03-10 23:05:04 - KOOK_Robot - INFO - {"code":0,"message":"操作成功","data":{"msg_id":"e6fd9cd7-8d9a-463e-a90c-182ed6c4d792","msg_timestamp":1773155107989,"nonce":"","not_permissions_mention":[]}}
2026-03-10 23:05:05 - KOOK_Robot - INFO - {"code":0,"message":"操作成功","data":{}}
2026-03-10 23:05:18 - KOOK_Robot - INFO - {"code":0,"message":"操作成功","data":{"msg_id":"229d31f2-f605-413b-806c-c9a74526c979","msg_timestamp":1773155122071,"nonce":"","not_permissions_mention":[]}}
2026-03-10 23:05:21 - KOOK_Robot - INFO - {"code":0,"message":"操作成功","data":{"msg_id":"f16eaa84-a817-4389-bf97-a02e564378fd","msg_timestamp":1773155124890,"nonce":"","not_permissions_mention":[]}}
2026-03-10 23:05:22 - KOOK_Robot - INFO - {"code":0,"message":"操作成功","data":{}}
2026-03-10 23:19:13 - KOOK_Robot - ERROR - list index out of range
2026-03-10 23:20:28 - KOOK_Robot - INFO - {"code":0,"message":"操作成功","data":{"msg_id":"eed7ae00-1e68-49f1-80da-fcc02286eb87","msg_timestamp":1773156032239,"nonce":"","not_permissions_mention":[]}}
2026-03-10 23:20:38 - KOOK_Robot - INFO - {"code":0,"message":"操作成功","data":{"msg_id":"5b05cf4a-7a5d-4f54-9e0c-363ae3549c9c","msg_timestamp":1773156042595,"nonce":"","not_permissions_mention":[]}}
2026-03-10 23:21:00 - KOOK_Robot - INFO - {'code': 0, 'message': '操作成功', 'data': {'role_id': '63240954', 'allow': 2048, 'deny': 0}}
2026-03-10 23:21:01 - KOOK_Robot - INFO - {'code': 0, 'message': '操作成功', 'data': {'role_id': '63240953', 'allow': 2048, 'deny': 0}}
2026-03-10 23:21:01 - KOOK_Robot - INFO - {"code":0,"message":"操作成功","data":{"msg_id":"a616c7ab-7b3c-4c81-ba49-0f20c198f2d1","msg_timestamp":1773156065603,"nonce":"","not_permissions_mention":[]}}
2026-03-10 23:21:02 - KOOK_Robot - INFO - {"code":0,"message":"操作成功","data":{"msg_id":"06745687-b1a7-42da-a817-ad4a18e303a1","msg_timestamp":1773156066317,"nonce":"","not_permissions_mention":[]}}
2026-03-10 23:21:03 - KOOK_Robot - INFO - {"code":0,"message":"操作成功","data":{}}
2026-03-10 23:25:02 - KOOK_Robot - INFO - {"code":0,"message":"操作成功","data":{"msg_id":"1e2fbda1-616d-41e3-85d8-846ea79689bc","msg_timestamp":1773156305737,"nonce":"","not_permissions_mention":[]}}
2026-03-10 23:25:40 - KOOK_Robot - INFO - {"code":0,"message":"操作成功","data":{"msg_id":"df6ac10f-cfd6-486f-a1ed-80396081ec1b","msg_timestamp":1773156343864,"nonce":"","not_permissions_mention":[]}}
2026-03-10 23:26:28 - KOOK_Robot - INFO - {"code":0,"message":"操作成功","data":{"msg_id":"6f1bb2f5-cc5d-4eaa-a7d6-9082b4b5f05c","msg_timestamp":1773156392460,"nonce":"","not_permissions_mention":[]}}
2026-03-10 23:26:34 - KOOK_Robot - INFO - {'code': 0, 'message': '操作成功', 'data': {'role_id': '63240954', 'allow': 2048, 'deny': 0}}
2026-03-10 23:26:34 - KOOK_Robot - INFO - {'code': 0, 'message': '操作成功', 'data': {'role_id': '63240953', 'allow': 2048, 'deny': 0}}
2026-03-10 23:26:35 - KOOK_Robot - INFO - {"code":0,"message":"操作成功","data":{"msg_id":"c5f9fd0e-486a-41a0-aa79-5f1242aabd8b","msg_timestamp":1773156399321,"nonce":"","not_permissions_mention":[]}}
2026-03-10 23:26:36 - KOOK_Robot - INFO - {"code":0,"message":"操作成功","data":{"msg_id":"c00226b2-5972-4390-ada4-d100688e7ccd","msg_timestamp":1773156400013,"nonce":"","not_permissions_mention":[]}}
2026-03-10 23:26:37 - KOOK_Robot - INFO - {"code":0,"message":"操作成功","data":{}}
