2026-03-06 17:16:02 - KOOK_Robot - INFO - {"code":0,"message":"操作成功","data":{"msg_id":"65319f1a-4a9e-4191-8511-28d8bb4e3574","msg_timestamp":1772788564893,"nonce":"","not_permissions_mention":[]}}
2026-03-06 17:18:11 - KOOK_Robot - INFO - {"code":0,"message":"操作成功","data":{"msg_id":"0ed529ae-8d19-4aca-b813-425d9a9deb90","msg_timestamp":1772788695566,"nonce":"","not_permissions_mention":[]}}
2026-03-06 20:45:31 - KOOK_Robot - INFO - {"code":0,"message":"操作成功","data":{"msg_id":"d26e067c-c58c-463e-a481-8cddbe62c99b","msg_timestamp":1772801136183,"nonce":"","not_permissions_mention":[]}}
2026-03-06 21:08:34 - KOOK_Robot - INFO - {"code":0,"message":"操作成功","data":{"msg_id":"90c5060e-36a2-492b-9efe-f11c03727c34","msg_timestamp":1772802518422,"nonce":"","not_permissions_mention":[]}}
2026-03-06 21:09:14 - KOOK_Robot - INFO - {"code":0,"message":"操作成功","data":{"msg_id":"05ff8c26-4b3f-4123-aacf-ac1334cc8d3b","msg_timestamp":1772802559413,"nonce":"","not_permissions_mention":[]}}
2026-03-06 21:09:21 - KOOK_Robot - INFO - {'code': 0, 'message': '操作成功', 'data': {'role_id': '63240954', 'allow': 2048, 'deny': 0}}
2026-03-06 21:09:22 - KOOK_Robot - INFO - {'code': 0, 'message': '操作成功', 'data': {'role_id': 63240954, 'allow': 2048, 'deny': 0}}
2026-03-06 21:09:22 - KOOK_Robot - INFO - {"code":0,"message":"操作成功","data":{"msg_id":"a77bed1d-2cb5-497c-907f-5a6ac6371ae1","msg_timestamp":1772802567575,"nonce":"","not_permissions_mention":[]}}
2026-03-06 21:09:23 - KOOK_Robot - INFO - {"code":0,"message":"操作成功","data":{"msg_id":"e301c6d9-65d6-41c2-9521-a713a6b4e913","msg_timestamp":1772802568176,"nonce":"","not_permissions_mention":[]}}
2026-03-06 21:17:04 - KOOK_Robot - INFO - {'code': 0, 'message': '操作成功', 'data': {'role_id': '63240954', 'allow': 2048, 'deny': 0}}
2026-03-06 21:17:05 - KOOK_Robot - INFO - {'code': 0, 'message': '操作成功', 'data': {'role_id': 63240954, 'allow': 2048, 'deny': 0}}
2026-03-06 21:17:06 - KOOK_Robot - INFO - {"code":0,"message":"操作成功","data":{"msg_id":"0eb56130-38c8-4f9a-b1ee-fe0af7f7098b","msg_timestamp":1772803030785,"nonce":"","not_permissions_mention":[]}}
2026-03-06 21:17:06 - KOOK_Robot - INFO - {"code":0,"message":"操作成功","data":{"msg_id":"cb705410-a09e-4d28-96c2-54d76f716b66","msg_timestamp":1772803031439,"nonce":"","not_permissions_mention":[]}}
2026-03-06 21:17:09 - KOOK_Robot - INFO - {"code":0,"message":"操作成功","data":{}}
2026-03-06 21:20:42 - KOOK_Robot - INFO - {"code":0,"message":"操作成功","data":{"msg_id":"d6c22486-7a45-458b-80dd-f9ca7fc09fb4","msg_timestamp":1772803246834,"nonce":"","not_permissions_mention":[]}}
2026-03-06 21:20:49 - KOOK_Robot - INFO - {'code': 0, 'message': '操作成功', 'data': {'role_id': '63240954', 'allow': 2048, 'deny': 0}}
2026-03-06 21:20:49 - KOOK_Robot - INFO - {'code': 0, 'message': '操作成功', 'data': {'role_id': '63240953', 'allow': 2048, 'deny': 0}}
2026-03-06 21:20:50 - KOOK_Robot - INFO - {"code":0,"message":"操作成功","data":{"msg_id":"5da982d0-e60b-4757-b337-6c2fcd8bed02","msg_timestamp":1772803254943,"nonce":"","not_permissions_mention":[]}}
2026-03-06 21:20:51 - KOOK_Robot - INFO - {"code":0,"message":"操作成功","data":{"msg_id":"f64993dd-2e75-4b0f-b029-622daf178d7e","msg_timestamp":1772803255769,"nonce":"","not_permissions_mention":[]}}
2026-03-06 21:20:52 - KOOK_Robot - INFO - {"code":0,"message":"操作成功","data":{}}
